// Jest Snapshot v1, https://goo.gl/fbAQLP

exports[`Test snapshot 1`] = `
<Component
  headerTools={
    <React.Fragment>
      <Unknown>
        <Unknown
          visibility={
            Object {
              "2xl": "visible",
              "default": "hidden",
              "lg": "visible",
              "md": "hidden",
              "sm": "hidden",
              "xl": "visible",
            }
          }
        >
          <Unknown>
            <ButtonAboutApp />
          </Unknown>
        </Unknown>
        <Unknown
          alt="Avatar image"
          src="avatar.svg"
        />
      </Unknown>
    </React.Fragment>
  }
  logo={
    <Unknown
      alt="brand"
      src="brand.svg"
    />
  }
  showNavToggle={true}
/>
`;
