// Jest Snapshot v1, https://goo.gl/fbAQLP

exports[`Test snapshot 1`] = `
<Component
  nav={
    <Nav
      aria-label="Nav"
      id="nav-primary-simple"
      onSelect={[Function]}
      onToggle={[Function]}
      theme="dark"
    >
      <NavList
        ariaLeftScroll="Scroll left"
        ariaRightScroll="Scroll right"
      >
        <Unknown>
          <ForwardRef
            activeClassName="pf-m-current"
            to="/"
          >
            Menu1
          </ForwardRef>
        </Unknown>
        <Unknown
          itemId={0}
        >
          <ForwardRef
            activeClassName="pf-m-current"
            to="/menu2"
          >
            Menu2
          </ForwardRef>
        </Unknown>
      </NavList>
    </Nav>
  }
  theme="dark"
/>
`;
